// Jest Snapshot v1, https://goo.gl/fbAQLP

exports[`List product component should match snapshot 1`] = `<div>cargando...</div>`;
