// Jest Snapshot v1, https://goo.gl/fbAQLP

exports[`Products button to catalogue should match snapshot 1`] = `<button class="card-contact__products__button" style="background: rgb(33, 141, 155);"><i class="bi bi-cart-fill icon"></i> Produtos </button>`;
