// Jest Snapshot v1, https://goo.gl/fbAQLP

exports[`Sharer component should match snapshot 1`] = `
<div class="sharer"><button class="sharer__button" data-bs-toggle="modal" data-bs-target="#exampleModal" style="background: rgb(33, 141, 155);"><i class="bi bi-share-fill icon"></i> Compartir </button>
  <div class="modal fade" id="exampleModal" tabindex="-1" aria-labelledby="exampleModalLabel" aria-hidden="true">
    <div class="modal-dialog modal-dialog-centered">
      <div class="modal-content">
        <div class="modal-header">
          <h5 class="modal-title" id="exampleModalLabel">Compartir vcard</h5><button type="button" class="btn-close" data-bs-dismiss="modal" aria-label="Close"></button>
        </div>
        <div class="modal-body">
          <div class="sharer__options" style="color: rgb(33, 141, 155);"><a href="https://www.facebook.com/sharer/sharer.php?u=https://card.dimedicalcorporativo.mx/sur/kevin-aron-tapia-cruz" target="_blank"><i class="bi bi-facebook icon"></i></a><a href="https://api.whatsapp.com/send?text=Contacta con undefined por medio de su Vcard: https://card.dimedicalcorporativo.mx/sur/kevin-aron-tapia-cruz | Lo mÃ¡s selecto de las mejores marcas para el mercado hospitalario" target="_blank"><i class="bi bi-whatsapp icon"></i></a><i class="bi bi-link icon" data-toggle="tooltip" data-placement="top" title="Tooltip on top"></i><a data-bs-dismiss="modal"><i class="bi bi-qr-code-scan icon"></i></a></div>
        </div>
      </div>
    </div>
  </div>
</div>
`;
